xt8.yang:3: error: UNEXPECTED_KEYWORD_CANONICAL_1
xt8.yang:4: error: UNEXPECTED_KEYWORD_CANONICAL
xt8.yang:9: error: UNEXPECTED_KEYWORD_CANONICAL
xt8.yang:15: error: UNEXPECTED_KEYWORD_CANONICAL_1
xt8.yang:16: error: UNEXPECTED_KEYWORD_CANONICAL
xt8.yang:23: error: UNEXPECTED_KEYWORD_CANONICAL
